Archive member included to satisfy reference by file (symbol)

arch/arm/lib/lib.a(ashldi3.o)
                              drivers/mmc/built-in.o (__aeabi_llsl)
arch/arm/lib/lib.a(lib1funcs.o)
                              arch/arm/cpu/armv7/built-in.o (__aeabi_uidiv)
arch/arm/lib/lib.a(lshrdi3.o)
                              fs/built-in.o (__aeabi_llsr)
arch/arm/lib/lib.a(div0.o)    arch/arm/lib/lib.a(lib1funcs.o) (__div0)

Discarded input sections

 .data          0x0000000000000000        0x0 arch/arm/cpu/armv7/start.o
 .bss           0x0000000000000000        0x0 arch/arm/cpu/armv7/start.o
 .text.v7_outer_cache_enable
                0x0000000000000000        0x4 arch/arm/cpu/armv7/built-in.o
 .text.v7_outer_cache_disable
                0x0000000000000000        0x4 arch/arm/cpu/armv7/built-in.o
 .text.v7_outer_cache_flush_all
                0x0000000000000000        0x4 arch/arm/cpu/armv7/built-in.o
 .text.v7_outer_cache_inval_all
                0x0000000000000000        0x4 arch/arm/cpu/armv7/built-in.o
 .text.v7_outer_cache_flush_range
                0x0000000000000000        0x4 arch/arm/cpu/armv7/built-in.o
 .text.v7_outer_cache_inval_range
                0x0000000000000000        0x4 arch/arm/cpu/armv7/built-in.o
 .text.v7_arch_cp15_set_l2aux_ctrl
                0x0000000000000000        0x8 arch/arm/cpu/armv7/built-in.o
 .text.v7_arch_cp15_set_acr
                0x0000000000000000        0x8 arch/arm/cpu/armv7/built-in.o
 .text.sdelay   0x0000000000000000        0xc arch/arm/cpu/armv7/built-in.o
 .text.wait_on_value
                0x0000000000000000       0x34 arch/arm/cpu/armv7/built-in.o
 .text.imx_enable_hdmi_phy
                0x0000000000000000       0x4c arch/arm/cpu/armv7/built-in.o
 .text.enable_enet_clk
                0x0000000000000000       0x48 arch/arm/cpu/armv7/built-in.o
 .text.enable_uart_clk
                0x0000000000000000       0x4c arch/arm/cpu/armv7/built-in.o
 .text.enable_usdhc_clk
                0x0000000000000000       0x4c arch/arm/cpu/armv7/built-in.o
 .text.enable_spi_clk
                0x0000000000000000       0x44 arch/arm/cpu/armv7/built-in.o
 .text.select_ldb_di_clock_source
                0x0000000000000000      0x180 arch/arm/cpu/armv7/built-in.o
 .data          0x0000000000000000        0x0 arch/arm/cpu/armv7/built-in.o
 .bss           0x0000000000000000        0x0 arch/arm/cpu/armv7/built-in.o
 .text          0x0000000000000000        0x0 arch/arm/imx-common/built-in.o
 .text.get_imx_reset_cause
                0x0000000000000000       0x10 arch/arm/imx-common/built-in.o
 .text.set_chipselect_size
                0x0000000000000000       0x84 arch/arm/imx-common/built-in.o
 .text.mxs_wait_mask_set
                0x0000000000000000       0x3c arch/arm/imx-common/built-in.o
 .text.mxs_wait_mask_clr
                0x0000000000000000       0x3c arch/arm/imx-common/built-in.o
 .text.mxs_reset_block
                0x0000000000000000       0x90 arch/arm/imx-common/built-in.o
 .data          0x0000000000000000        0x0 arch/arm/imx-common/built-in.o
 .bss           0x0000000000000000        0x0 arch/arm/imx-common/built-in.o
 .text.reset_misc
                0x0000000000000000        0x4 arch/arm/lib/built-in.o
 .text.enable_caches
                0x0000000000000000        0xc arch/arm/lib/built-in.o
 .text.invalidate_dcache_range
                0x0000000000000000        0x4 arch/arm/lib/built-in.o
 .text.flush_dcache_range
                0x0000000000000000        0x4 arch/arm/lib/built-in.o
 .text.flush_dcache_all
                0x0000000000000000        0xc arch/arm/lib/built-in.o
 .text.arm_init_before_mmu
                0x0000000000000000        0x4 arch/arm/lib/built-in.o
 .text.mmu_page_table_flush
                0x0000000000000000        0x4 arch/arm/lib/built-in.o
 .rodata.pl310  0x0000000000000000        0x4 arch/arm/lib/built-in.o
 .data          0x0000000000000000        0x0 arch/arm/lib/built-in.o
 .__secure_end  0x0000000000000000        0x0 arch/arm/lib/built-in.o
 .__secure_start
                0x0000000000000000        0x0 arch/arm/lib/built-in.o
 .bss           0x0000000000000000        0x0 arch/arm/lib/built-in.o
 .text          0x0000000000000000        0x0 board/magik2/common/built-in.o
 .data          0x0000000000000000        0x0 board/magik2/common/built-in.o
 .bss           0x0000000000000000        0x0 board/magik2/common/built-in.o
 .text          0x0000000000000000        0x0 board/magik2/magik2_q7/built-in.o
 .text.mmc_map_to_kernel_blk
                0x0000000000000000        0x8 board/magik2/magik2_q7/built-in.o
 .data          0x0000000000000000        0x0 board/magik2/magik2_q7/built-in.o
 .bss           0x0000000000000000        0x0 board/magik2/magik2_q7/built-in.o
 .text          0x0000000000000000        0x0 cmd/built-in.o
 .text.bootz_setup
                0x0000000000000000       0x18 cmd/built-in.o
 .text.invalidate_icache_all
                0x0000000000000000        0xc cmd/built-in.o
[...]
Memory Configuration

Name             Origin             Length             Attributes
*default*        0x0000000000000000 0xffffffffffffffff

Linker script and memory map

Address of section .text set to 0x17800000
                0x0000000000000000                . = 0x0
                0x0000000000000000                . = ALIGN (0x4)

.text           0x0000000017800000    0x4a040
 *(.__image_copy_start)
 .__image_copy_start
                0x0000000017800000        0x0 arch/arm/lib/built-in.o
                0x0000000017800000                __image_copy_start
 *(.vectors)
 .vectors       0x0000000017800000      0x300 arch/arm/lib/built-in.o
                0x0000000017800000                _start
                0x0000000017800020                _undefined_instruction
                0x0000000017800024                _software_interrupt
                0x0000000017800028                _prefetch_abort
                0x000000001780002c                _data_abort
                0x0000000017800030                _not_used
                0x0000000017800034                _irq
                0x0000000017800038                _fiq
                0x0000000017800040                IRQ_STACK_START_IN
 arch/arm/cpu/armv7/start.o(.text*)
 .text          0x0000000017800300       0xe0 arch/arm/cpu/armv7/start.o
                0x0000000017800300                reset
                0x0000000017800304                save_boot_params_ret
                0x0000000017800340                c_runtime_cpu_setup
                0x0000000017800350                save_boot_params
                0x0000000017800354                cpu_init_cp15
                0x00000000178003d8                cpu_init_crit
 *(.text*)
 .text          0x00000000178003e0      0x16c arch/arm/cpu/armv7/built-in.o
                0x00000000178003e0                __v7_flush_dcache_all
                0x0000000017800474                v7_flush_dcache_all
                0x0000000017800484                __v7_invalidate_dcache_all
                0x0000000017800518                v7_invalidate_dcache_all
                0x0000000017800528                lowlevel_init
 .text.invalidate_icache_all
                0x000000001780054c       0x18 arch/arm/cpu/armv7/built-in.o
                0x000000001780054c                invalidate_icache_all
 .text.flush_dcache_all
                0x0000000017800564       0x10 arch/arm/cpu/armv7/built-in.o
                0x0000000017800564                flush_dcache_all
 .text.invalidate_dcache_all
                0x0000000017800574       0x10 arch/arm/cpu/armv7/built-in.o
                0x0000000017800574                invalidate_dcache_all
 .text.arm_init_before_mmu
                0x0000000017800584       0x28 arch/arm/cpu/armv7/built-in.o
                0x0000000017800584                arm_init_before_mmu
 .text.flush_dcache_range
                0x00000000178005ac       0x38 arch/arm/cpu/armv7/built-in.o
                0x00000000178005ac                flush_dcache_range
 .text.mmu_page_table_flush
                0x00000000178005e4       0x24 arch/arm/cpu/armv7/built-in.o
                0x00000000178005e4                mmu_page_table_flush
 .text.invalidate_dcache_range
                0x0000000017800608       0xa8 arch/arm/cpu/armv7/built-in.o
                0x0000000017800608                invalidate_dcache_range
 .text.cpu_cache_initialization
                0x00000000178006b0        0x4 arch/arm/cpu/armv7/built-in.o
                0x00000000178006b0                cpu_cache_initialization
 .text.cleanup_before_linux_select
                0x00000000178006b4       0x4c arch/arm/cpu/armv7/built-in.o
                0x00000000178006b4                cleanup_before_linux_select
 .text.cleanup_before_linux
                0x0000000017800700        0x8 arch/arm/cpu/armv7/built-in.o
                0x0000000017800700                cleanup_before_linux
 .text.get_nr_cpus
                0x0000000017800708       0x10 arch/arm/cpu/armv7/built-in.o
                0x0000000017800708                get_nr_cpus
 .text.get_cpu_rev
                0x0000000017800718       0x90 arch/arm/cpu/armv7/built-in.o
                0x0000000017800718                get_cpu_rev
 .text.get_cpu_speed_grade_hz
                0x00000000178007a8      0x118 arch/arm/cpu/armv7/built-in.o
                0x00000000178007a8                get_cpu_speed_grade_hz
 .text.get_cpu_temp_grade
                0x00000000178008c0       0x68 arch/arm/cpu/armv7/built-in.o
                0x00000000178008c0                get_cpu_temp_grade
 .text.get_board_rev
                0x0000000017800928       0x30 arch/arm/cpu/armv7/built-in.o
                0x0000000017800928                get_board_rev
 .text.arch_cpu_init
                0x0000000017800958       0xd0 arch/arm/cpu/armv7/built-in.o
                0x0000000017800958                arch_cpu_init
 .text.board_mmc_get_env_dev
                0x0000000017800a28        0x8 arch/arm/cpu/armv7/built-in.o
                0x0000000017800a28                board_mmc_get_env_dev
 .text.mmc_get_env_dev
                0x0000000017800a30       0x28 arch/arm/cpu/armv7/built-in.o
                0x0000000017800a30                mmc_get_env_dev
 .text.board_postclk_init
                0x0000000017800a58       0x58 arch/arm/cpu/armv7/built-in.o
                0x0000000017800a58                board_postclk_init
 .text.imx_get_mac_from_fuse
                0x0000000017800ab0       0xa8 arch/arm/cpu/armv7/built-in.o
                0x0000000017800ab0                imx_get_mac_from_fuse
 .text.reset_misc
                0x0000000017800b58        0x4 arch/arm/cpu/armv7/built-in.o
                0x0000000017800b58                reset_misc
 .text.s_init   0x0000000017800b5c       0x88 arch/arm/cpu/armv7/built-in.o
                0x0000000017800b5c                s_init
 .text.imx_setup_hdmi
                0x0000000017800be4       0x78 arch/arm/cpu/armv7/built-in.o
                0x0000000017800be4                imx_setup_hdmi
 .text.get_ipg_clk
                0x0000000017800c5c       0x28 arch/arm/cpu/armv7/built-in.o
 .text.get_uart_clk
                0x0000000017800c84       0xb8 arch/arm/cpu/armv7/built-in.o
 .text.mxc_get_pll_pfd
                0x0000000017800d3c       0xbc arch/arm/cpu/armv7/built-in.o
 .text.get_usdhc_clk
                0x0000000017800df8       0x8c arch/arm/cpu/armv7/built-in.o
 .text.enable_ocotp_clk
                0x0000000017800e84       0x24 arch/arm/cpu/armv7/built-in.o
                0x0000000017800e84                enable_ocotp_clk
 .text.enable_usboh3_clk
                0x0000000017800ea8       0x24 arch/arm/cpu/armv7/built-in.o
                0x0000000017800ea8                enable_usboh3_clk
 .text.enable_i2c_clk
                0x0000000017800ecc       0xa8 arch/arm/cpu/armv7/built-in.o
                0x0000000017800ecc                enable_i2c_clk
 .text.get_periph_clk
                0x0000000017800f74       0xdc arch/arm/cpu/armv7/built-in.o
                0x0000000017800f74                get_periph_clk
 .text.get_axi_clk
                0x0000000017801050       0x4c arch/arm/cpu/armv7/built-in.o
 .text.enable_fec_anatop_clock
                0x000000001780109c       0xe4 arch/arm/cpu/armv7/built-in.o
                0x000000001780109c                enable_fec_anatop_clock
 .text.imx_get_uartclk
                0x0000000017801180        0x4 arch/arm/cpu/armv7/built-in.o
                0x0000000017801180                imx_get_uartclk
 .text.enable_thermal_clk
                0x0000000017801184       0x48 arch/arm/cpu/armv7/built-in.o
                0x0000000017801184                enable_thermal_clk
 .text.mxc_get_clock
                0x00000000178011cc      0x444 arch/arm/cpu/armv7/built-in.o
                0x00000000178011cc                mxc_get_clock
 .text.imx_get_fecclk
                0x0000000017801610        0x8 arch/arm/cpu/armv7/built-in.o
                0x0000000017801610                imx_get_fecclk
 .text.do_mx6_showclocks
                0x0000000017801618      0x268 arch/arm/cpu/armv7/built-in.o
                0x0000000017801618                do_mx6_showclocks
 .text.enable_ipu_clock
                0x0000000017801880       0x58 arch/arm/cpu/armv7/built-in.o
                0x0000000017801880                enable_ipu_clock
 .text.cpu_reset
                0x00000000178018d8       0x28 arch/arm/cpu/armv7/built-in.o
                0x00000000178018d8                cpu_reset
 .text.cpu_status
                0x0000000017801900       0x40 arch/arm/cpu/armv7/built-in.o
                0x0000000017801900                cpu_status
 .text.cpu_release
                0x0000000017801940       0x84 arch/arm/cpu/armv7/built-in.o
                0x0000000017801940                cpu_release
 .text.is_core_valid
                0x00000000178019c4       0x1c arch/arm/cpu/armv7/built-in.o
                0x00000000178019c4                is_core_valid
 .text.cpu_disable
                0x00000000178019e0       0x28 arch/arm/cpu/armv7/built-in.o
                0x00000000178019e0                cpu_disable
 .text.imx_iomux_v3_setup_pad
                0x0000000017801a08       0xd0 arch/arm/imx-common/built-in.o
                0x0000000017801a08                imx_iomux_v3_setup_pad
 .text.imx_iomux_v3_setup_multiple_pads
                0x0000000017801ad8       0x2c arch/arm/imx-common/built-in.o
                0x0000000017801ad8                imx_iomux_v3_setup_multiple_pads
 .text.imx_iomux_set_gpr_register
                0x0000000017801b04       0x3c arch/arm/imx-common/built-in.o
                0x0000000017801b04                imx_iomux_set_gpr_register
 .text.timer_init
                0x0000000017801b40      0x148 arch/arm/imx-common/built-in.o
                0x0000000017801b40                timer_init
 .text.timer_read_counter
                0x0000000017801c88       0x10 arch/arm/imx-common/built-in.o
                0x0000000017801c88                timer_read_counter
 .text.get_tbclk
                0x0000000017801c98       0xb0 arch/arm/imx-common/built-in.o
                0x0000000017801c98                get_tbclk
 .text.imx_ddr_size
                0x0000000017801d48       0x64 arch/arm/imx-common/built-in.o
                0x0000000017801d48                imx_ddr_size
 .text.get_imx_type
                0x0000000017801dac       0x20 arch/arm/imx-common/built-in.o
                0x0000000017801dac                get_imx_type
 .text.print_cpuinfo
                0x0000000017801dcc      0x228 arch/arm/imx-common/built-in.o
                0x0000000017801dcc                print_cpuinfo
 .text.cpu_eth_init
                0x0000000017801ff4        0x4 arch/arm/imx-common/built-in.o
                0x0000000017801ff4                cpu_eth_init
 .text.cpu_mmc_init
                0x0000000017801ff8        0x4 arch/arm/imx-common/built-in.o
                0x0000000017801ff8                cpu_mmc_init
 .text.get_ahb_clk
                0x0000000017801ffc       0x24 arch/arm/imx-common/built-in.o
                0x0000000017801ffc                get_ahb_clk
 .text.arch_preboot_os
                0x0000000017802020        0x4 arch/arm/imx-common/built-in.o
                0x0000000017802020                arch_preboot_os
 .text.get_clocks
                0x0000000017802024       0x1c arch/arm/imx-common/built-in.o
                0x0000000017802024                get_clocks
 .text.force_idle_bus
                0x0000000017802040      0x124 arch/arm/imx-common/built-in.o
                0x0000000017802040                force_idle_bus
 .text.setup_i2c
                0x0000000017802164       0xe4 arch/arm/imx-common/built-in.o
                0x0000000017802164                setup_i2c
 .text.enable_caches
                0x0000000017802248       0x34 arch/arm/imx-common/built-in.o
                0x0000000017802248                enable_caches
 .text.v7_outer_cache_enable
                0x000000001780227c       0x54 arch/arm/imx-common/built-in.o
                0x000000001780227c                v7_outer_cache_enable
 .text.v7_outer_cache_disable
                0x00000000178022d0       0x18 arch/arm/imx-common/built-in.o
                0x00000000178022d0                v7_outer_cache_disable
 .text.init_aips
                0x00000000178022e8       0xb0 arch/arm/imx-common/built-in.o
                0x00000000178022e8                init_aips
 .text.imx_set_wdog_powerdown
                0x0000000017802398       0x80 arch/arm/imx-common/built-in.o
                0x0000000017802398                imx_set_wdog_powerdown
 .text.init_src
                0x0000000017802418       0x18 arch/arm/imx-common/built-in.o
                0x0000000017802418                init_src
 .text.boot_mode_apply
                0x0000000017802430       0x24 arch/arm/imx-common/built-in.o
                0x0000000017802430                boot_mode_apply
 .text.board_video_skip
                0x0000000017802454      0x16c arch/arm/imx-common/built-in.o
                0x0000000017802454                board_video_skip
 .text.detect_hdmi
                0x00000000178025c0       0x18 arch/arm/imx-common/built-in.o
                0x00000000178025c0                detect_hdmi
 .text.create_usage
                0x00000000178025d8       0xac arch/arm/imx-common/built-in.o
 .text.do_boot_mode
                0x0000000017802684       0xd4 arch/arm/imx-common/built-in.o
 .text.add_board_boot_modes
                0x0000000017802758       0x60 arch/arm/imx-common/built-in.o
                0x0000000017802758                add_board_boot_modes
 .text          0x00000000178027b8       0x90 arch/arm/lib/built-in.o
                0x00000000178027b8                _main
 .text.relocate_vectors
                0x0000000017802848       0x70 arch/arm/lib/built-in.o
                0x0000000017802848                relocate_vectors
                0x0000000017802854                relocate_code
 .text.arch_fixup_fdt
                0x00000000178028b8       0x38 arch/arm/lib/built-in.o
                0x00000000178028b8                arch_fixup_fdt
 .text.boot_jump_linux
                0x00000000178028f0       0xc4 arch/arm/lib/built-in.o
 .text.arch_lmb_reserve
                0x00000000178029b4       0x24 arch/arm/lib/built-in.o
                0x00000000178029b4                arch_lmb_reserve
 .text.setup_board_tags
                0x00000000178029d8        0x4 arch/arm/lib/built-in.o
                0x00000000178029d8                setup_board_tags
 .text.boot_prep_linux
                0x00000000178029dc      0x1d4 arch/arm/lib/built-in.o
 .text.do_bootm_linux
                0x0000000017802bb0       0x64 arch/arm/lib/built-in.o
                0x0000000017802bb0                do_bootm_linux
 .text.bootz_setup
                0x0000000017802c14       0x58 arch/arm/lib/built-in.o
                0x0000000017802c14                bootz_setup
 .text.boot_prep_vxworks
                0x0000000017802c6c       0x50 arch/arm/lib/built-in.o
                0x0000000017802c6c                boot_prep_vxworks
 .text.boot_jump_vxworks
                0x0000000017802cbc        0xc arch/arm/lib/built-in.o
                0x0000000017802cbc                boot_jump_vxworks
 .text.pl310_background_op_all_ways
                0x0000000017802cc8       0x38 arch/arm/lib/built-in.o
 .text.v7_outer_cache_inval_all
                0x0000000017802d00        0xc arch/arm/lib/built-in.o
                0x0000000017802d00                v7_outer_cache_inval_all
 .text.v7_outer_cache_flush_all
                0x0000000017802d0c        0xc arch/arm/lib/built-in.o
                0x0000000017802d0c                v7_outer_cache_flush_all
 .text.v7_outer_cache_flush_range
                0x0000000017802d18       0x30 arch/arm/lib/built-in.o
                0x0000000017802d18                v7_outer_cache_flush_range
 .text.v7_outer_cache_inval_range
                0x0000000017802d48       0x80 arch/arm/lib/built-in.o
                0x0000000017802d48                v7_outer_cache_inval_range
 .text.arch_reserve_stacks
                0x0000000017802dc8       0x1c arch/arm/lib/built-in.o
                0x0000000017802dc8                arch_reserve_stacks
 .text.interrupt_init
                0x0000000017802de4       0x1c arch/arm/lib/built-in.o
                0x0000000017802de4                interrupt_init
 .text.enable_interrupts
                0x0000000017802e00        0x4 arch/arm/lib/built-in.o
                0x0000000017802e00                enable_interrupts
 .text.disable_interrupts
                0x0000000017802e04        0x8 arch/arm/lib/built-in.o
                0x0000000017802e04                disable_interrupts
 .text.bad_mode
                0x0000000017802e0c       0x10 arch/arm/lib/built-in.o
                0x0000000017802e0c                bad_mode
 .text.show_regs
                0x0000000017802e1c      0x174 arch/arm/lib/built-in.o
                0x0000000017802e1c                show_regs
 .text.do_undefined_instruction
                0x0000000017802f90       0x24 arch/arm/lib/built-in.o
                0x0000000017802f90                do_undefined_instruction
 .text.do_software_interrupt
                0x0000000017802fb4       0x24 arch/arm/lib/built-in.o
                0x0000000017802fb4                do_software_interrupt
 .text.do_prefetch_abort
                0x0000000017802fd8       0x24 arch/arm/lib/built-in.o
                0x0000000017802fd8                do_prefetch_abort
 .text.do_data_abort
                0x0000000017802ffc       0x24 arch/arm/lib/built-in.o
                0x0000000017802ffc                do_data_abort
 .text.do_not_used
                0x0000000017803020       0x24 arch/arm/lib/built-in.o
                0x0000000017803020                do_not_used
 .text.do_fiq   0x0000000017803044       0x24 arch/arm/lib/built-in.o
                0x0000000017803044                do_fiq
 .text.do_irq   0x0000000017803068       0x24 arch/arm/lib/built-in.o
                0x0000000017803068                do_irq
 .text.do_reset
                0x000000001780308c       0x30 arch/arm/lib/built-in.o
                0x000000001780308c                do_reset
 .text.flush_cache
                0x00000000178030bc        0x8 arch/arm/lib/built-in.o
                0x00000000178030bc                flush_cache
 .text.cp_delay
                0x00000000178030c4       0x30 arch/arm/lib/built-in.o
 .text.arm_init_domains
                0x00000000178030f4        0x4 arch/arm/lib/built-in.o
                0x00000000178030f4                arm_init_domains
 .text.set_section_dcache
                0x00000000178030f8       0x14 arch/arm/lib/built-in.o
                0x00000000178030f8                set_section_dcache
 .text.mmu_set_region_dcache_behaviour
                0x000000001780310c       0x4c arch/arm/lib/built-in.o
                0x000000001780310c                mmu_set_region_dcache_behaviour
 .text.dram_bank_mmu_setup
                0x0000000017803158       0x44 arch/arm/lib/built-in.o
                0x0000000017803158                dram_bank_mmu_setup
 .text.icache_enable
                0x000000001780319c       0x18 arch/arm/lib/built-in.o
                0x000000001780319c                icache_enable
 .text.icache_disable
                0x00000000178031b4       0x20 arch/arm/lib/built-in.o
                0x00000000178031b4                icache_disable
 .text.icache_status
                0x00000000178031d4        0xc arch/arm/lib/built-in.o
                0x00000000178031d4                icache_status
 .text.dcache_enable
                0x00000000178031e0       0x7c arch/arm/lib/built-in.o
                0x00000000178031e0                dcache_enable
 .text.dcache_disable
                0x000000001780325c       0x2c arch/arm/lib/built-in.o
                0x000000001780325c                dcache_disable
 .text.dcache_status
                0x0000000017803288        0xc arch/arm/lib/built-in.o
                0x0000000017803288                dcache_status
 .text.pfuze_mode_init
                0x0000000017803294       0xd4 board/magik2/common/built-in.o
                0x0000000017803294                pfuze_mode_init
 .text.pfuze_common_init
                0x0000000017803368      0x10c board/magik2/common/built-in.o
                0x0000000017803368                pfuze_common_init
 .text.enable_rgb
                0x0000000017803474       0x24 board/magik2/magik2_q7/built-in.o
 .text.enable_lvds
                0x0000000017803498       0x10 board/magik2/magik2_q7/built-in.o
 .text.do_kbd   0x00000000178034a8       0x74 board/magik2/magik2_q7/built-in.o
 .text.detect_i2c
                0x000000001780351c       0x34 board/magik2/magik2_q7/built-in.o
 .text.dram_init
                0x0000000017803550       0x18 board/magik2/magik2_q7/built-in.o
                0x0000000017803550                dram_init
 .text.setup_spi
                0x0000000017803568       0x24 board/magik2/magik2_q7/built-in.o
                0x0000000017803568                setup_spi
 .text.setup_spi4
                0x000000001780358c       0x38 board/magik2/magik2_q7/built-in.o
                0x000000001780358c                setup_spi4
 .text.mmc_get_env_devno
                0x00000000178035c4       0x24 board/magik2/magik2_q7/built-in.o
                0x00000000178035c4                mmc_get_env_devno
 .text.board_mmc_getcd
                0x00000000178035e8       0x50 board/magik2/magik2_q7/built-in.o
                0x00000000178035e8                board_mmc_getcd
 .text.board_mmc_init
                0x0000000017803638       0xe4 board/magik2/magik2_q7/built-in.o
                0x0000000017803638                board_mmc_init
 .text.check_mmc_autodetect
                0x000000001780371c       0x38 board/magik2/magik2_q7/built-in.o
                0x000000001780371c                check_mmc_autodetect
 .text.board_late_mmc_env_init
                0x0000000017803754       0x78 board/magik2/magik2_q7/built-in.o
                0x0000000017803754                board_late_mmc_env_init
 .text.mx6_rgmii_rework
                0x00000000178037cc      0x110 board/magik2/magik2_q7/built-in.o
                0x00000000178037cc                mx6_rgmii_rework
 .text.board_phy_config
                0x00000000178038dc       0x2c board/magik2/magik2_q7/built-in.o
                0x00000000178038dc                board_phy_config
 .text.overwrite_console
                0x0000000017803908        0x8 board/magik2/magik2_q7/built-in.o
                0x0000000017803908                overwrite_console
 .text.board_eth_init
                0x0000000017803910       0xdc board/magik2/magik2_q7/built-in.o
                0x0000000017803910                board_eth_init
 .text.board_ehci_power
                0x00000000178039ec       0x48 board/magik2/magik2_q7/built-in.o
                0x00000000178039ec                board_ehci_power
 .text.board_early_init_f
                0x0000000017803a34       0x8c board/magik2/magik2_q7/built-in.o
                0x0000000017803a34                board_early_init_f
 .text.board_init
                0x0000000017803ac0       0xa4 board/magik2/magik2_q7/built-in.o
                0x0000000017803ac0                board_init
 .text.power_init_board
                0x0000000017803b64      0x26c board/magik2/magik2_q7/built-in.o
                0x0000000017803b64                power_init_board
 .text.board_late_init
                0x0000000017803dd0       0x1c board/magik2/magik2_q7/built-in.o
                0x0000000017803dd0                board_late_init
 .text.checkboard
                0x0000000017803dec       0x18 board/magik2/magik2_q7/built-in.o
                0x0000000017803dec                checkboard
 .text.do_go_exec
                0x0000000017803e04       0x10 cmd/built-in.o
                0x0000000017803e04                do_go_exec
 .text.do_go    0x0000000017803e14       0x6c cmd/built-in.o
 .text.do_bootm
                0x0000000017803e80      0x10c cmd/built-in.o
                0x0000000017803e80                do_bootm
 .text.do_bootd
                0x0000000017803f8c       0x20 cmd/built-in.o
                0x0000000017803f8c                do_bootd
 .text.image_info
                0x0000000017803fac       0xec cmd/built-in.o
 .text.do_iminfo
                0x0000000017804098       0x5c cmd/built-in.o
 .text.bootm_maybe_autostart
                0x00000000178040f4       0x78 cmd/built-in.o
                0x00000000178040f4                bootm_maybe_autostart
 .text.do_bootz
                0x000000001780416c       0xf8 cmd/built-in.o
                0x000000001780416c                do_bootz
 .text.do_help  0x0000000017804264       0x44 cmd/built-in.o
 .text.do_version
                0x00000000178042a8       0x38 cmd/built-in.o
 .text.source   0x00000000178042e0       0xd8 cmd/built-in.o
                0x00000000178042e0                source
 .text.do_source
                0x00000000178043b8       0x44 cmd/built-in.o
 .text.print_num
                0x00000000178043fc       0x14 cmd/built-in.o
 .text.do_bdinfo
                0x0000000017804410      0x190 cmd/built-in.o
 .text.bootefi_open_dp
                0x00000000178045a0       0x14 cmd/built-in.o
 .text.do_bootefi_exec
                0x00000000178045b4      0x288 cmd/built-in.o
 .text.do_bootefi
                0x000000001780483c       0x8c cmd/built-in.o
 .text.efi_set_bootdev
                0x00000000178048c8       0xcc cmd/built-in.o
                0x00000000178048c8                efi_set_bootdev
 .text.parse_argv
                0x0000000017804994       0x64 cmd/built-in.o
 .text.do_icache
                0x00000000178049f8       0x88 cmd/built-in.o
 .text.do_dcache
                0x0000000017804a80       0x88 cmd/built-in.o
 .text.do_coninfo
                0x0000000017804b08       0xb0 cmd/built-in.o
 .text.do_echo  0x0000000017804bb8       0xb0 cmd/built-in.o
 .text.load_elf_image_shdr
                0x0000000017804c68       0x8c cmd/built-in.o
 .text.valid_elf_image
                0x0000000017804cf4       0x4c cmd/built-in.o
                0x0000000017804cf4                valid_elf_image
 .text.do_bootelf
                0x0000000017804d40      0x1b0 cmd/built-in.o
                0x0000000017804d40                do_bootelf
 .text.do_bootvx
                0x0000000017804ef0      0x330 cmd/built-in.o
                0x0000000017804ef0                do_bootvx
 .text.do_ext4_size
                0x0000000017805220       0x18 cmd/built-in.o
                0x0000000017805220                do_ext4_size
 .text.do_ext4_load
                0x0000000017805238       0x18 cmd/built-in.o
                0x0000000017805238                do_ext4_load
 .text.do_ext4_ls
                0x0000000017805250       0x18 cmd/built-in.o
                0x0000000017805250                do_ext4_ls
 .text.do_ext4_write
                0x0000000017805268       0x18 cmd/built-in.o
                0x0000000017805268                do_ext4_write
 .text.do_ext2load
                0x0000000017805280       0x18 cmd/built-in.o
                0x0000000017805280                do_ext2load
 .text.do_ext2ls
                0x0000000017805298       0x18 cmd/built-in.o
 .text.do_fat_size
                0x00000000178052b0       0x18 cmd/built-in.o
                0x00000000178052b0                do_fat_size
 .text.do_fat_fsload
                0x00000000178052c8       0x18 cmd/built-in.o
                0x00000000178052c8                do_fat_fsload
 .text.do_fat_ls
                0x00000000178052e0       0x18 cmd/built-in.o
 .text.do_fat_fsinfo
                0x00000000178052f8       0x90 cmd/built-in.o
 .text.fdt_valid
                0x0000000017805388       0xbc cmd/built-in.o
 .text.is_printable_string
                0x0000000017805444       0x9c cmd/built-in.o
 .text.print_data
                0x00000000178054e0      0x174 cmd/built-in.o
 .text.set_working_fdt_addr
                0x0000000017805654       0x1c cmd/built-in.o
                0x0000000017805654                set_working_fdt_addr
 .text.do_fdt   0x0000000017805670      0xe48 cmd/built-in.o
 .text.do_size_wrapper
                0x00000000178064b8       0x18 cmd/built-in.o
 .text.do_load_wrapper
                0x00000000178064d0       0x64 cmd/built-in.o
 .text.do_save_wrapper
                0x0000000017806534       0x18 cmd/built-in.o
 .text.do_ls_wrapper
                0x000000001780654c       0x18 cmd/built-in.o
 .text.do_fstype_wrapper
                0x0000000017806564        0x4 cmd/built-in.o
 .text.strtou32
                0x0000000017806568       0x44 cmd/built-in.o
 .text.do_fuse  0x00000000178065ac      0x360 cmd/built-in.o
 .text.name_to_gpio
                0x000000001780690c        0xc cmd/built-in.o
                0x000000001780690c                name_to_gpio
 .text.do_gpio  0x0000000017806918      0x1c8 cmd/built-in.o
 .text.do_i2c   0x0000000017806ae0       0x68 cmd/built-in.o
 .text.do_i2c_bus_speed
                0x0000000017806b48       0x78 cmd/built-in.o
 .text.do_i2c_reset
                0x0000000017806bc0       0x2c cmd/built-in.o
 .text.do_i2c_probe
                0x0000000017806bec       0x9c cmd/built-in.o
 .text.do_i2c_bus_num
                0x0000000017806c88       0xb8 cmd/built-in.o
 .text.do_i2c_show_bus
                0x0000000017806d40       0xd0 cmd/built-in.o
 .text.get_alen.constprop.5
                0x0000000017806e10       0x3c cmd/built-in.o
 .text.do_i2c_crc
                0x0000000017806e4c      0x120 cmd/built-in.o
 .text.mod_i2c_mem.isra.3
                0x0000000017806f6c      0x1f0 cmd/built-in.o
 .text.do_i2c_nm
                0x000000001780715c        0x8 cmd/built-in.o
 .text.do_i2c_mm
                0x0000000017807164        0x8 cmd/built-in.o
 .text.do_i2c_md
                0x000000001780716c      0x1e4 cmd/built-in.o
 .text.do_i2c_read
                0x0000000017807350       0xbc cmd/built-in.o
 .text.do_i2c_mw
                0x000000001780740c       0xfc cmd/built-in.o
 .text.do_i2c_write
                0x0000000017807508      0x14c cmd/built-in.o
 .text.do_i2c_loop
                0x0000000017807654       0xe4 cmd/built-in.o
 .text.i2c_init_board
                0x0000000017807738        0x4 cmd/built-in.o
                0x0000000017807738                i2c_init_board
 .text.evalexp  0x000000001780773c       0x78 cmd/built-in.o
 .text.evalstr  0x00000000178077b4       0x6c cmd/built-in.o
 .text.binary_test
                0x0000000017807820      0x1c0 cmd/built-in.o
 .text.do_itest
                0x00000000178079e0       0x88 cmd/built-in.o
 .text.bin_data_init
                0x0000000017807a68       0x2c cmd/built-in.o
 .text.k_data_save
                0x0000000017807a94       0x4c cmd/built-in.o
 .text.k_data_restore
                0x0000000017807ae0       0x4c cmd/built-in.o
 .text.getcxmodem
                0x0000000017807b2c       0x20 cmd/built-in.o
 .text.load_serial_ymodem
                0x0000000017807b4c       0xcc cmd/built-in.o
 .text.bin_data_char
                0x0000000017807c18       0x2c cmd/built-in.o
 .text.chk1.constprop.1
                0x0000000017807c44       0x2c cmd/built-in.o
 .text.s1_sendpacket.constprop.2
                0x0000000017807c70       0x50 cmd/built-in.o
 .text.load_serial
                0x0000000017807cc0      0x1f0 cmd/built-in.o
 .text.do_load_serial
                0x0000000017807eb0       0xdc cmd/built-in.o
 .text.do_load_serial_bin
                0x0000000017807f8c      0x7a4 cmd/built-in.o
 .text.do_mem_mw
                0x0000000017808730       0xc0 cmd/built-in.o
 .text.do_mem_loop
                0x00000000178087f0       0xec cmd/built-in.o
 .text.do_mem_md
                0x00000000178088dc       0xe4 cmd/built-in.o
 .text.do_mem_cmp
                0x00000000178089c0      0x168 cmd/built-in.o
 .text.do_mem_base
                0x0000000017808b28       0x40 cmd/built-in.o
 .text.do_mem_cp
                0x0000000017808b68       0xd8 cmd/built-in.o
 .text.do_mem_crc
                0x0000000017808c40       0x48 cmd/built-in.o
 .text.mod_mem.isra.0
                0x0000000017808c88      0x16c cmd/built-in.o
 .text.do_mem_mm
                0x0000000017808df4        0x8 cmd/built-in.o
 .text.do_mem_nm
                0x0000000017808dfc        0x8 cmd/built-in.o
 .text.extract_range
                0x0000000017808e04       0xe4 cmd/built-in.o
 .text.do_mii   0x0000000017808ee8      0x8f0 cmd/built-in.o
 .text.do_mdio  0x00000000178097d8      0x4ec cmd/built-in.o
 .text.do_sleep
                0x0000000017809cc4       0x70 cmd/built-in.o
 .text.do_mmcops
                0x0000000017809d34       0xb8 cmd/built-in.o
 .text.init_mmc_device
                0x0000000017809dec       0x54 cmd/built-in.o
 .text.do_mmc_rescan
                0x0000000017809e40       0x24 cmd/built-in.o
 .text.do_mmc_rst_func
                0x0000000017809e64       0xa0 cmd/built-in.o
 .text.do_mmc_partconf
                0x0000000017809f04       0xb4 cmd/built-in.o
 .text.do_mmc_boot_resize
                0x0000000017809fb8       0xcc cmd/built-in.o
 .text.do_mmc_bootbus
                0x000000001780a084       0xb4 cmd/built-in.o
 .text.do_mmc_hwpartition
                0x000000001780a138      0x510 cmd/built-in.o
 .text.do_mmc_list
                0x000000001780a648       0x14 cmd/built-in.o
 .text.do_mmc_dev
                0x000000001780a65c      0x140 cmd/built-in.o
 .text.do_mmc_part
                0x000000001780a79c       0x60 cmd/built-in.o
 .text.do_mmc_erase
                0x000000001780a7fc       0xec cmd/built-in.o
 .text.do_mmc_write
                0x000000001780a8e8      0x104 cmd/built-in.o
 .text.do_mmc_read
                0x000000001780a9ec       0xf0 cmd/built-in.o
 .text.do_mmcinfo
                0x000000001780aadc      0x370 cmd/built-in.o
 .text.do_mmc_setdsr
                0x000000001780ae4c       0xb0 cmd/built-in.o
 .text.cpu_cmd  0x000000001780aefc      0x160 cmd/built-in.o
 .text.netboot_common
                0x000000001780b05c      0x294 cmd/built-in.o
 .text.do_bootp
                0x000000001780b2f0        0xc cmd/built-in.o
 .text.do_dhcp  0x000000001780b2fc        0xc cmd/built-in.o
 .text.do_nfs   0x000000001780b308        0xc cmd/built-in.o
 .text.do_tftpb
                0x000000001780b314       0x40 cmd/built-in.o
                0x000000001780b314                do_tftpb
 .text.do_ping  0x000000001780b354       0x78 cmd/built-in.o
 .text.bytes_per_second
                0x000000001780b3cc       0x50 cmd/built-in.o
 .text.do_spi_flash
                0x000000001780b41c      0x868 cmd/built-in.o
 .text.substitute
                0x000000001780bc84       0xf0 cmd/built-in.o
 .text.get_arg  0x000000001780bd74       0x58 cmd/built-in.o
 .text.regex_sub
                0x000000001780bdcc      0x450 cmd/built-in.o
 .text.do_setexpr
                0x000000001780c21c      0x1a0 cmd/built-in.o
 .text.usb_get_class_desc
                0x000000001780c3bc       0xbc cmd/built-in.o
 .text.usb_find_device
                0x000000001780c478       0x3c cmd/built-in.o
 .text.usb_show_tree_graph
                0x000000001780c4b4      0x228 cmd/built-in.o
 .text.usb_display_class_sub
                0x000000001780c6dc      0x170 cmd/built-in.o
 .text.usb_display_string
                0x000000001780c84c       0x44 cmd/built-in.o
 .text.usb_display_config
                0x000000001780c890      0x20c cmd/built-in.o
 .text.do_usbboot
                0x000000001780ca9c        0xc cmd/built-in.o
 .text.usb_display_desc.part.1
                0x000000001780caa8      0x12c cmd/built-in.o
 .text.do_usb_start
                0x000000001780cbd4       0x38 cmd/built-in.o
 .text.usb_show_tree
                0x000000001780cc0c       0x54 cmd/built-in.o
                0x000000001780cc0c                usb_show_tree
 .text.do_usb   0x000000001780cc60      0x778 cmd/built-in.o
 .text.do_fastboot
                0x000000001780d3d8       0xd8 cmd/built-in.o
 .text.ums_read_sector
                0x000000001780d4b0       0x20 cmd/built-in.o
 .text.ums_write_sector
                0x000000001780d4d0       0x20 cmd/built-in.o
 .text.ums_fini
                0x000000001780d4f0       0x60 cmd/built-in.o
 .text.do_usb_mass_storage
                0x000000001780d550      0x380 cmd/built-in.o
                0x000000001780d550                do_usb_mass_storage
 .text.do_imgextract
                0x000000001780d8d0      0x290 cmd/built-in.o
 .text.do_dfu   0x000000001780db60      0x17c cmd/built-in.o
 .text.do_env_delete
                0x000000001780dcdc       0x9c cmd/built-in.o
 .text.do_env_exists
                0x000000001780dd78       0x64 cmd/built-in.o
 .text.do_env_save
                0x000000001780dddc       0x2c cmd/built-in.o
 .text.do_env   0x000000001780de08       0x68 cmd/built-in.o
 .text.env_print
                0x000000001780de70       0xc0 cmd/built-in.o
 .text.do_env_print
                0x000000001780df30       0xc4 cmd/built-in.o
 .text.do_env_import
                0x000000001780dff4      0x284 cmd/built-in.o
 .text.do_env_default
                0x000000001780e278       0xa8 cmd/built-in.o
 .text._do_env_set.isra.0
                0x000000001780e320      0x1bc cmd/built-in.o
 .text.do_env_set
                0x000000001780e4dc       0x20 cmd/built-in.o
 .text.get_env_id
                0x000000001780e4fc       0x10 cmd/built-in.o
                0x000000001780e4fc                get_env_id
 .text.setenv   0x000000001780e50c       0x60 cmd/built-in.o
                0x000000001780e50c                setenv
 .text.setenv_ulong
                0x000000001780e56c       0x20 cmd/built-in.o
                0x000000001780e56c                setenv_ulong
 .text.setenv_hex
                0x000000001780e58c       0x34 cmd/built-in.o
                0x000000001780e58c                setenv_hex
 .text.do_env_export
                0x000000001780e5c0      0x258 cmd/built-in.o
 .text.envmatch
                0x000000001780e818       0x6c cmd/built-in.o
                0x000000001780e818                envmatch
 .text.getenv_f
                0x000000001780e884       0xc0 cmd/built-in.o
                0x000000001780e884                getenv_f
 .text.getenv   0x000000001780e944       0x78 cmd/built-in.o
                0x000000001780e944                getenv
 .text.getenv_hex
                0x000000001780e9bc       0x3c cmd/built-in.o
                0x000000001780e9bc                getenv_hex
 .text.getenv_ulong
                0x000000001780e9f8       0x30 cmd/built-in.o
                0x000000001780e9f8                getenv_ulong
 .text.do_env_edit.part.2
                0x000000001780ea28       0xac cmd/built-in.o
 .text.do_env_edit
                0x000000001780ead4       0x2c cmd/built-in.o
 .text.common_diskboot
                0x000000001780eb00      0x234 cmd/built-in.o
                0x000000001780eb00                common_diskboot
 .text.board_init_f_alloc_reserve
                0x000000001780ed34       0x10 common/built-in.o
                0x000000001780ed34                board_init_f_alloc_reserve
 .text.board_init_f_init_reserve
                0x000000001780ed44       0x20 common/built-in.o
                0x000000001780ed44                board_init_f_init_reserve
 .text.show_boot_progress
                0x000000001780ed64        0x8 common/built-in.o
                0x000000001780ed64                show_boot_progress
 .text.main_loop
                0x000000001780ed6c       0x28 common/built-in.o
                0x000000001780ed6c                main_loop
 .text.dummy    0x000000001780ed94        0x4 common/built-in.o
 .text.get_version
                0x000000001780ed98        0x8 common/built-in.o
                0x000000001780ed98                get_version
 .text.jumptable_init
                0x000000001780eda0      0x1e0 common/built-in.o
                0x000000001780eda0                jumptable_init
 .text.hash_finish_crc32
                0x000000001780ef80       0x30 common/built-in.o
 .text.hash_update_crc32
                0x000000001780efb0       0x24 common/built-in.o
 .text.hash_init_crc32
                0x000000001780efd4       0x24 common/built-in.o
 .text.hash_lookup_algo
                0x000000001780eff8       0x28 common/built-in.o
                0x000000001780eff8                hash_lookup_algo
 .text.hash_command
                0x000000001780f020       0xb4 common/built-in.o
                0x000000001780f020                hash_command
 .text.bootdelay_process
                0x000000001780f0d4       0x50 common/built-in.o
                0x000000001780f0d4                bootdelay_process
 .text.autoboot_command
                0x000000001780f124       0xf8 common/built-in.o
                0x000000001780f124                autoboot_command
 .text.setup_mon_len
                0x000000001780f21c       0x20 common/built-in.o
 .text.reserve_round_4k
                0x000000001780f23c       0x18 common/built-in.o
 .text.reserve_mmu
                0x000000001780f254       0x38 common/built-in.o
 .text.reserve_uboot
                0x000000001780f28c       0x30 common/built-in.o
 .text.reserve_malloc
                0x000000001780f2bc       0x18 common/built-in.o
 .text.setup_machine
                0x000000001780f2d4       0x14 common/built-in.o
 .text.reserve_global_data
                0x000000001780f2e8       0x1c common/built-in.o
 .text.reserve_fdt
                0x000000001780f304       0x4c common/built-in.o
 .text.initf_console_record
                0x000000001780f350        0x8 common/built-in.o
 .text.arch_cpu_init_dm
                0x000000001780f358        0x8 common/built-in.o
                0x000000001780f358                arch_cpu_init_dm
 .text.announce_dram_init
                0x000000001780f360       0x18 common/built-in.o
 .text.init_func_i2c
                0x000000001780f378       0x28 common/built-in.o
 .text.init_baud_rate
                0x000000001780f3a0       0x2c common/built-in.o
 .text.mark_bootstage
                0x000000001780f3cc       0x14 common/built-in.o
 .text.initf_dm
                0x000000001780f3e0        0x8 common/built-in.o
 .text.setup_reloc
                0x000000001780f3e8       0x3c common/built-in.o
 .text.reloc_fdt
                0x000000001780f424       0x44 common/built-in.o
 .text.reserve_board
                0x000000001780f468       0x40 common/built-in.o
 .text.reserve_arch
                0x000000001780f4a8        0x8 common/built-in.o
                0x000000001780f4a8                reserve_arch
 .text.display_text_info
                0x000000001780f4b0        0x8 common/built-in.o
 .text.reserve_trace
                0x000000001780f4b8        0x8 common/built-in.o
 .text.display_new_sp
                0x000000001780f4c0        0x8 common/built-in.o
 .text.coloured_LED_init
                0x000000001780f4c8        0x4 common/built-in.o
                0x000000001780f4c8                coloured_LED_init
 .text.red_led_on
                0x000000001780f4cc        0x4 common/built-in.o
                0x000000001780f4cc                red_led_on
 .text.board_add_ram_info
                0x000000001780f4d0        0x4 common/built-in.o
                0x000000001780f4d0                board_add_ram_info
 .text.show_dram_config
                0x000000001780f4d4       0x38 common/built-in.o
 .text.dram_init_banksize
                0x000000001780f50c       0x20 common/built-in.o
                0x000000001780f50c                dram_init_banksize
 .text.setup_dram_config
                0x000000001780f52c       0x10 common/built-in.o
 .text.board_get_usable_ram_top
                0x000000001780f53c       0x14 common/built-in.o
                0x000000001780f53c                board_get_usable_ram_top
 .text.board_reserve_ram_top
                0x000000001780f550        0x4 common/built-in.o
                0x000000001780f550                board_reserve_ram_top
 .text.setup_dest_addr
                0x000000001780f554       0x4c common/built-in.o
 .text.reserve_stacks
                0x000000001780f5a0       0x1c common/built-in.o
 .text.board_init_f
                0x000000001780f5bc       0x28 common/built-in.o
                0x000000001780f5bc                board_init_f
 .text.bootstage_relocate
                0x000000001780f5e4        0x8 common/built-in.o
 .text.initr_reloc
                0x000000001780f5ec       0x18 common/built-in.o
 .text.initr_announce
                0x000000001780f604        0x8 common/built-in.o
 .text.run_main_loop
                0x000000001780f60c        0xc common/built-in.o
 .text.initr_net
                0x000000001780f618       0x1c common/built-in.o
 .text.initr_ethaddr
                0x000000001780f634       0x20 common/built-in.o
 .text.initr_enable_interrupts
                0x000000001780f654       0x10 common/built-in.o
 .text.initr_jumptable
                0x000000001780f664       0x10 common/built-in.o
 .text.initr_env
                0x000000001780f674       0x30 common/built-in.o
 .text.initr_mmc
                0x000000001780f6a4       0x20 common/built-in.o
 .text.initr_serial
                0x000000001780f6c4       0x10 common/built-in.o
 .text.initr_bootstage
                0x000000001780f6d4       0x14 common/built-in.o
 .text.initr_dm
                0x000000001780f6e8       0x14 common/built-in.o
 .text.initr_malloc
                0x000000001780f6fc       0x24 common/built-in.o
 .text.initr_reloc_global_data
                0x000000001780f720       0x38 common/built-in.o
 .text.initr_caches
                0x000000001780f758       0x10 common/built-in.o
 .text.initr_console_record
                0x000000001780f768        0x8 common/built-in.o
 .text.initr_trace
                0x000000001780f770        0x8 common/built-in.o
 .text.initr_barrier
                0x000000001780f778        0x8 common/built-in.o
 .text.cpu_secondary_init_r
                0x000000001780f780        0x4 common/built-in.o
                0x000000001780f780                cpu_secondary_init_r
 .text.initr_secondary_cpu
                0x000000001780f784       0x10 common/built-in.o
 .text.board_init_r
                0x000000001780f794       0x14 common/built-in.o
                0x000000001780f794                board_init_r
 .text.show_board_info
                0x000000001780f7a8        0x4 common/built-in.o
                0x000000001780f7a8                show_board_info
 .text.bootm_find_images
                0x000000001780f7ac       0xa8 common/built-in.o
                0x000000001780f7ac                bootm_find_images
 .text.bootm_decomp_image
                0x000000001780f854      0x14c common/built-in.o
                0x000000001780f854                bootm_decomp_image
 .text.bootm_disable_interrupts
                0x000000001780f9a0       0x18 common/built-in.o
                0x000000001780f9a0                bootm_disable_interrupts
 .text.do_bootm_states
                0x000000001780f9b8      0x7e8 common/built-in.o
                0x000000001780f9b8                do_bootm_states
 .text.copy_args
                0x00000000178101a0       0x50 common/built-in.o
 .text.do_bootm_rtems
                0x00000000178101f0       0x40 common/built-in.o
 .text.do_bootm_plan9
                0x0000000017810230       0xa4 common/built-in.o
 .text.do_bootm_standalone
                0x00000000178102d4       0x64 common/built-in.o
 .text.do_bootm_qnxelf
                0x0000000017810338       0x5c common/built-in.o
 .text.do_bootm_netbsd
                0x0000000017810394       0xf8 common/built-in.o
 .text.do_bootvx_fdt
                0x000000001781048c      0x118 common/built-in.o
                0x000000001781048c                do_bootvx_fdt
 .text.do_bootm_vxworks
                0x00000000178105a4       0x24 common/built-in.o
 .text.boot_selected_os
                0x00000000178105c8       0x58 common/built-in.o
                0x00000000178105c8                boot_selected_os
 .text.bootm_os_get_boot_func
                0x0000000017810620       0x10 common/built-in.o
                0x0000000017810620                bootm_os_get_boot_func
 .text.regex_callback
                0x0000000017810630      0x134 common/built-in.o
 .text.env_attr_walk
                0x0000000017810764      0x128 common/built-in.o
                0x0000000017810764                env_attr_walk
 .text.env_attr_lookup
                0x000000001781088c       0x84 common/built-in.o
                0x000000001781088c                env_attr_lookup
 .text.clear_callback
                0x0000000017810910       0x10 common/built-in.o
 .text.find_env_callback
                0x0000000017810920       0x64 common/built-in.o
 .text.on_callbacks
                0x0000000017810984       0x50 common/built-in.o
 .text.set_callback
                0x00000000178109d4       0x98 common/built-in.o
 .text.env_callback_init
                0x0000000017810a6c       0xc4 common/built-in.o
                0x0000000017810a6c                env_callback_init
 .text.skip_num
                0x0000000017810b30       0x78 common/built-in.o
 .text.clear_flags
                0x0000000017810ba8       0x10 common/built-in.o
 .text.on_flags
                0x0000000017810bb8       0x50 common/built-in.o
 .text.env_flags_parse_vartype
                0x0000000017810c08       0x50 common/built-in.o
                0x0000000017810c08                env_flags_parse_vartype
 .text.env_flags_parse_varaccess
                0x0000000017810c58       0x58 common/built-in.o
                0x0000000017810c58                env_flags_parse_varaccess
 .text.set_flags
                0x0000000017810cb0       0xb0 common/built-in.o
 .text.eth_validate_ethaddr_str
                0x0000000017810d60       0x94 common/built-in.o
                0x0000000017810d60                eth_validate_ethaddr_str
 .text.env_flags_init
                0x0000000017810df4       0xd8 common/built-in.o
                0x0000000017810df4                env_flags_init
 .text.env_flags_validate
                0x0000000017810ecc      0x2b8 common/built-in.o
                0x0000000017810ecc                env_flags_validate
 .text.mmc_get_env_addr
                0x0000000017811184       0x10 common/built-in.o
                0x0000000017811184                mmc_get_env_addr
 .text.env_init
                0x0000000017811194       0x1c common/built-in.o
                0x0000000017811194                env_init
 .text.saveenv  0x00000000178111b0      0x128 common/built-in.o
                0x00000000178111b0                saveenv
 .text.env_relocate_spec
                0x00000000178112d8       0xec common/built-in.o
                0x00000000178112d8                env_relocate_spec
 .text.fdt_find_and_setprop
                0x00000000178113c4       0x70 common/built-in.o
                0x00000000178113c4                fdt_find_and_setprop
 .text.fdt_find_or_add_subnode
                0x0000000017811434       0x60 common/built-in.o
                0x0000000017811434                fdt_find_or_add_subnode
 .text.fdt_root
                0x0000000017811494       0x90 common/built-in.o
                0x0000000017811494                fdt_root
 .text.fdt_initrd
                0x0000000017811524      0x1cc common/built-in.o
                0x0000000017811524                fdt_initrd
 .text.fdt_chosen
                0x00000000178116f0       0xa8 common/built-in.o
                0x00000000178116f0                fdt_chosen
 .text.do_fixup_by_path
                0x0000000017811798       0x54 common/built-in.o
                0x0000000017811798                do_fixup_by_path
 .text.fdt_fixup_memory_banks
                0x00000000178117ec      0x1b0 common/built-in.o
                0x00000000178117ec                fdt_fixup_memory_banks
 .text.fdt_fixup_memory
                0x000000001781199c       0x20 common/built-in.o
                0x000000001781199c                fdt_fixup_memory
 .text.fdt_fixup_ethernet
                0x00000000178119bc      0x19c common/built-in.o
                0x00000000178119bc                fdt_fixup_ethernet
 .text.fdt_shrink_to_minimum
                0x0000000017811b58       0xcc common/built-in.o
                0x0000000017811b58                fdt_shrink_to_minimum
 .text.miiphy_get_dev_by_name
                0x0000000017811c24       0x60 common/built-in.o
                0x0000000017811c24                miiphy_get_dev_by_name
 .text.miiphy_init
                0x0000000017811c84       0x24 common/built-in.o
                0x0000000017811c84                miiphy_init
 .text.mdio_alloc
                0x0000000017811ca8       0x30 common/built-in.o
                0x0000000017811ca8                mdio_alloc
 .text.mdio_register
                0x0000000017811cd8       0x94 common/built-in.o
                0x0000000017811cd8                mdio_register
 .text.mdio_unregister
                0x0000000017811d6c       0x3c common/built-in.o
                0x0000000017811d6c                mdio_unregister
 .text.mdio_list_devices
                0x0000000017811da8       0x98 common/built-in.o
                0x0000000017811da8                mdio_list_devices
 .text.miiphy_set_current_dev
                0x0000000017811e40       0x40 common/built-in.o
                0x0000000017811e40                miiphy_set_current_dev
 .text.miiphy_get_active_dev
                0x0000000017811e80       0x54 common/built-in.o
 .text.mdio_get_current_dev
                0x0000000017811ed4       0x10 common/built-in.o
                0x0000000017811ed4                mdio_get_current_dev
 .text.mdio_phydev_for_ethname
                0x0000000017811ee4       0x88 common/built-in.o
                0x0000000017811ee4                mdio_phydev_for_ethname
 .text.miiphy_get_current_dev
                0x0000000017811f6c       0x18 common/built-in.o
                0x0000000017811f6c                miiphy_get_current_dev
 .text.miiphy_read
                0x0000000017811f84       0x4c common/built-in.o
                0x0000000017811f84                miiphy_read
 .text.miiphy_write
                0x0000000017811fd0       0x40 common/built-in.o
                0x0000000017811fd0                miiphy_write
 .text.miiphy_listdev
                0x0000000017812010       0x74 common/built-in.o
                0x0000000017812010                miiphy_listdev
 .text.miiphy_info
                0x0000000017812084       0x88 common/built-in.o
                0x0000000017812084                miiphy_info
 .text.miiphy_speed
                0x000000001781210c       0x94 common/built-in.o
                0x000000001781210c                miiphy_speed
 .text.miiphy_duplex
                0x00000000178121a0       0x94 common/built-in.o
                0x00000000178121a0                miiphy_duplex
 .text.miiphy_is_1000base_x
                0x0000000017812234        0x8 common/built-in.o
                0x0000000017812234                miiphy_is_1000base_x
 .text.usb_set_maxpacket_ep
                0x000000001781223c       0x70 common/built-in.o
 .text.usb_stop
                0x00000000178122ac       0x80 common/built-in.o
                0x00000000178122ac                usb_stop
 .text.usb_disable_asynch
                0x000000001781232c       0x20 common/built-in.o
                0x000000001781232c                usb_disable_asynch
 .text.usb_control_msg
                0x000000001781234c       0xc0 common/built-in.o
                0x000000001781234c                usb_control_msg
 .text.usb_get_descriptor
                0x000000001781240c       0x58 common/built-in.o
 .text.get_descriptor_len
                0x0000000017812464       0x90 common/built-in.o
 .text.usb_get_string
                0x00000000178124f4       0x70 common/built-in.o
 .text.usb_string_sub
                0x0000000017812564      0x108 common/built-in.o
 .text.usb_bulk_msg
                0x000000001781266c       0x70 common/built-in.o
                0x000000001781266c                usb_bulk_msg
 .text.usb_maxpacket
                0x00000000178126dc       0x1c common/built-in.o
                0x00000000178126dc                usb_maxpacket
 .text.usb_clear_halt
                0x00000000178126f8       0x90 common/built-in.o
                0x00000000178126f8                usb_clear_halt
 .text.usb_get_configuration_len
                0x0000000017812788       0x74 common/built-in.o
                0x0000000017812788                usb_get_configuration_len
 .text.usb_get_configuration_no
                0x00000000178127fc       0x34 common/built-in.o
                0x00000000178127fc                usb_get_configuration_no
 .text.usb_set_interface
                0x0000000017812830       0xb4 common/built-in.o
                0x0000000017812830                usb_set_interface
 .text.usb_string
                0x00000000178128e4      0x100 common/built-in.o
                0x00000000178128e4                usb_string
 .text.usb_get_dev_index
                0x00000000178129e4       0x24 common/built-in.o
                0x00000000178129e4                usb_get_dev_index
 .text.usb_alloc_new_device
                0x0000000017812a08       0x9c common/built-in.o
                0x0000000017812a08                usb_alloc_new_device
 .text.usb_free_device
                0x0000000017812aa4       0x48 common/built-in.o
                0x0000000017812aa4                usb_free_device
 .text.usb_alloc_device
                0x0000000017812aec        0x8 common/built-in.o
                0x0000000017812aec                usb_alloc_device
 .text.usb_select_config
                0x0000000017812af4      0x468 common/built-in.o
                0x0000000017812af4                usb_select_config
 .text.usb_setup_device
                0x0000000017812f5c      0x170 common/built-in.o
                0x0000000017812f5c                usb_setup_device
 .text.usb_new_device
                0x00000000178130cc       0x34 common/built-in.o
                0x00000000178130cc                usb_new_device
 .text.usb_init
                0x0000000017813100      0x168 common/built-in.o
                0x0000000017813100                usb_init
 .text.board_usb_init
                0x0000000017813268        0x8 common/built-in.o
                0x0000000017813268                board_usb_init
 .text.board_usb_cleanup
                0x0000000017813270        0x8 common/built-in.o
                0x0000000017813270                board_usb_cleanup
 .text.usb_device_has_child_on_port
                0x0000000017813278       0x14 common/built-in.o
                0x0000000017813278                usb_device_has_child_on_port
 .text.usb_find_usb2_hub_address_port
                0x000000001781328c       0x5c common/built-in.o
                0x000000001781328c                usb_find_usb2_hub_address_port
 .text.usb_set_port_feature
                0x00000000178132e8       0x4c common/built-in.o
 .text.usb_clear_port_feature
                0x0000000017813334       0x4c common/built-in.o
 .text.usb_get_hub_descriptor
                0x0000000017813380       0x4c common/built-in.o
 .text.usb_hub_reset_devices
                0x00000000178133cc        0x4 common/built-in.o
                0x00000000178133cc                usb_hub_reset_devices
 .text.usb_get_port_status
                0x00000000178133d0       0x4c common/built-in.o
                0x00000000178133d0                usb_get_port_status
 .text.usb_hub_reset
                0x000000001781341c       0x20 common/built-in.o
                0x000000001781341c                usb_hub_reset
 .text.legacy_hub_port_reset
                0x000000001781343c       0x9c common/built-in.o
                0x000000001781343c                legacy_hub_port_reset
 .text.usb_hub_port_connect_change
                0x00000000178134d8      0x15c common/built-in.o
                0x00000000178134d8                usb_hub_port_connect_change
 .text.usb_hub_configure
                0x0000000017813634      0x4b4 common/built-in.o
 .text.usb_hub_probe
                0x0000000017813ae8       0x58 common/built-in.o
                0x0000000017813ae8                usb_hub_probe
 .text.usb_stor_irq
                0x0000000017813b40       0x1c common/built-in.o
 .text.usb_stor_BBB_reset
                0x0000000017813b5c       0xd0 common/built-in.o
 .text.usb_stor_CB_reset
                0x0000000017813c2c       0xd0 common/built-in.o
 .text.usb_stor_BBB_clear_endpt_stall.isra.2
                0x0000000017813cfc       0x40 common/built-in.o
 .text.usb_stor_BBB_transport
                0x0000000017813d3c      0x25c common/built-in.o
 .text.usb_stor_CB_comdat
                0x0000000017813f98      0x204 common/built-in.o
 .text.usb_stor_CBI_get_status.isra.4
                0x000000001781419c       0xc8 common/built-in.o
 .text.usb_stor_CB_transport
                0x0000000017814264      0x228 common/built-in.o
 .text.usb_request_sense.constprop.10
                0x000000001781448c       0x70 common/built-in.o
 .text.usb_stor_read
                0x00000000178144fc      0x174 common/built-in.o
 .text.usb_stor_write
                0x0000000017814670      0x174 common/built-in.o
 .text.usb_stor_info
                0x00000000178147e4       0x74 common/built-in.o
                0x00000000178147e4                usb_stor_info
 .text.usb_storage_probe
                0x0000000017814858      0x204 common/built-in.o
                0x0000000017814858                usb_storage_probe
 .text.usb_stor_get_info
                0x0000000017814a5c      0x314 common/built-in.o
                0x0000000017814a5c                usb_stor_get_info
 .text.usb_stor_scan
                0x0000000017814d70      0x1fc common/built-in.o
                0x0000000017814d70                usb_stor_scan
 .text.splash_screen_prepare
                0x0000000017814f6c        0x8 common/built-in.o
                0x0000000017814f6c                splash_screen_prepare
 .text.splash_get_pos
                0x0000000017814f74       0x88 common/built-in.o
                0x0000000017814f74                splash_get_pos
 .text.env_get_char_spec
                0x0000000017814ffc        0xc common/built-in.o
                0x0000000017814ffc                env_get_char_spec
 .text.env_get_addr
                0x0000000017815008       0x20 common/built-in.o
                0x0000000017815008                env_get_addr
 .text.env_get_char_memory
                0x0000000017815028       0x10 common/built-in.o
                0x0000000017815028                env_get_char_memory
 .text.env_get_char
                0x0000000017815038       0x30 common/built-in.o
                0x0000000017815038                env_get_char
 .text.getenv_yesno
                0x0000000017815068       0x40 common/built-in.o
                0x0000000017815068                getenv_yesno
 .text.getenv_default
                0x00000000178150a8       0x30 common/built-in.o
                0x00000000178150a8                getenv_default
 .text.set_default_env
                0x00000000178150d8       0xcc common/built-in.o
                0x00000000178150d8                set_default_env
 .text.set_default_vars
                0x00000000178151a4       0x38 common/built-in.o
                0x00000000178151a4                set_default_vars
 .text.env_import
                0x00000000178151dc       0xdc common/built-in.o
                0x00000000178151dc                env_import
 .text.env_export
                0x00000000178152b8       0xa0 common/built-in.o
                0x00000000178152b8                env_export
 .text.env_relocate
                0x0000000017815358       0x2c common/built-in.o
                0x0000000017815358                env_relocate
 .text.env_complete
                0x0000000017815384       0xf0 common/built-in.o
                0x0000000017815384                env_complete
 .text.console_setfile
                0x0000000017815474       0xc0 common/built-in.o
 .text.serial_printf
                0x0000000017815534       0x50 common/built-in.o
                0x0000000017815534                serial_printf
 .text.putc     0x0000000017815584       0x34 common/built-in.o
                0x0000000017815584                putc
 .text.puts     0x00000000178155b8       0x34 common/built-in.o
                0x00000000178155b8                puts
 .text.fgetc    0x00000000178155ec       0x24 common/built-in.o
                0x00000000178155ec                fgetc
 .text.getc     0x0000000017815610       0x24 common/built-in.o
                0x0000000017815610                getc
 .text.ftstc    0x0000000017815634       0x24 common/built-in.o
                0x0000000017815634                ftstc
 .text.tstc     0x0000000017815658       0x24 common/built-in.o
                0x0000000017815658                tstc
 .text.ctrlc    0x000000001781567c       0x58 common/built-in.o
                0x000000001781567c                ctrlc
 .text.confirm_yesno
                0x00000000178156d4       0xd4 common/built-in.o
                0x00000000178156d4                confirm_yesno
 .text.had_ctrlc
                0x00000000178157a8       0x10 common/built-in.o
                0x00000000178157a8                had_ctrlc
 .text.clear_ctrlc
                0x00000000178157b8       0x14 common/built-in.o
                0x00000000178157b8                clear_ctrlc
 .text.search_device
                0x00000000178157cc       0x28 common/built-in.o
                0x00000000178157cc                search_device
 .text.console_assign
                0x00000000178157f4       0x48 common/built-in.o
                0x00000000178157f4                console_assign
 .text.on_console
                0x000000001781583c       0xb8 common/built-in.o
 .text.console_init_f
                0x00000000178158f4       0x10 common/built-in.o
                0x00000000178158f4                console_init_f
 .text.stdio_print_current_devices
                0x0000000017815904       0xb0 common/built-in.o
                0x0000000017815904                stdio_print_current_devices
 .text.console_init_r
                0x00000000178159b4      0x194 common/built-in.o
                0x00000000178159b4                console_init_r
 .text.sbrk     0x0000000017815b48       0x6c common/built-in.o
                0x0000000017815b48                sbrk
 .text.mem_malloc_init
                0x0000000017815bb4       0x34 common/built-in.o
                0x0000000017815bb4                mem_malloc_init
 .text.malloc_trim
                0x0000000017815be8       0xcc common/built-in.o
                0x0000000017815be8                malloc_trim
 .text.free     0x0000000017815cb4      0x24c common/built-in.o
                0x0000000017815cb4                free
 .text.malloc   0x0000000017815f00      0x628 common/built-in.o
                0x0000000017815f00                malloc
 .text.calloc   0x0000000017816528      0x144 common/built-in.o
                0x0000000017816528                calloc
 .text.realloc  0x000000001781666c      0x4e0 common/built-in.o
                0x000000001781666c                realloc
 .text.memalign
                0x0000000017816b4c      0x170 common/built-in.o
                0x0000000017816b4c                memalign
 .text.initf_malloc
                0x0000000017816cbc       0x18 common/built-in.o
                0x0000000017816cbc                initf_malloc
 .text.malloc_simple
                0x0000000017816cd4       0x30 common/built-in.o
                0x0000000017816cd4                malloc_simple
 .text.on_loadaddr
                0x0000000017816d04       0x38 common/built-in.o
 .text.image_check_hcrc
                0x0000000017816d3c       0x4c common/built-in.o
                0x0000000017816d3c                image_check_hcrc
 .text.image_check_dcrc
                0x0000000017816d88       0x38 common/built-in.o
                0x0000000017816d88                image_check_dcrc
 .text.image_multi_count
                0x0000000017816dc0       0x1c common/built-in.o
                0x0000000017816dc0                image_multi_count
 .text.image_multi_getimg
                0x0000000017816ddc       0x80 common/built-in.o
                0x0000000017816ddc                image_multi_getimg
 .text.getenv_bootm_low
                0x0000000017816e5c       0x30 common/built-in.o
                0x0000000017816e5c                getenv_bootm_low
 .text.getenv_bootm_size
                0x0000000017816e8c       0x68 common/built-in.o
                0x0000000017816e8c                getenv_bootm_size
 .text.getenv_bootm_mapsize
                0x0000000017816ef4       0x30 common/built-in.o
                0x0000000017816ef4                getenv_bootm_mapsize
 .text.memmove_wd
                0x0000000017816f24        0xc common/built-in.o
                0x0000000017816f24                memmove_wd
 .text.genimg_print_size
                0x0000000017816f30       0x30 common/built-in.o
                0x0000000017816f30                genimg_print_size
 .text.get_table_entry
                0x0000000017816f60       0x24 common/built-in.o
                0x0000000017816f60                get_table_entry
 .text.get_table_entry_name
                0x0000000017816f84       0x20 common/built-in.o
                0x0000000017816f84                get_table_entry_name
 .text.genimg_get_os_name
                0x0000000017816fa4       0x18 common/built-in.o
                0x0000000017816fa4                genimg_get_os_name
 .text.genimg_get_arch_name
                0x0000000017816fbc       0x18 common/built-in.o
                0x0000000017816fbc                genimg_get_arch_name
 .text.genimg_get_type_name
                0x0000000017816fd4       0x18 common/built-in.o
                0x0000000017816fd4                genimg_get_type_name
 .text.genimg_get_comp_name
                0x0000000017816fec       0x18 common/built-in.o
                0x0000000017816fec                genimg_get_comp_name
 .text.image_print_contents
                0x0000000017817004      0x178 common/built-in.o
                0x0000000017817004                image_print_contents
 .text.genimg_get_kernel_addr_fit
                0x000000001781717c       0x24 common/built-in.o
                0x000000001781717c                genimg_get_kernel_addr_fit
 .text.genimg_get_format
                0x00000000178171a0       0x50 common/built-in.o
                0x00000000178171a0                genimg_get_format
 .text.genimg_get_image
                0x00000000178171f0        0x4 common/built-in.o
                0x00000000178171f0                genimg_get_image
 .text.genimg_has_config
                0x00000000178171f4        0x8 common/built-in.o
                0x00000000178171f4                genimg_has_config
 .text.boot_get_ramdisk
                0x00000000178171fc      0x2bc common/built-in.o
                0x00000000178171fc                boot_get_ramdisk
 .text.boot_ramdisk_high
                0x00000000178174b8      0x144 common/built-in.o
                0x00000000178174b8                boot_ramdisk_high
 .text.boot_get_setup
                0x00000000178175fc        0x8 common/built-in.o
                0x00000000178175fc                boot_get_setup
 .text.image_setup_linux
                0x0000000017817604       0x8c common/built-in.o
                0x0000000017817604                image_setup_linux
 .text.android_image_get_kernel
                0x0000000017817690      0x164 common/built-in.o
                0x0000000017817690                android_image_get_kernel
 .text.android_image_check_header
                0x00000000178177f4       0x14 common/built-in.o
                0x00000000178177f4                android_image_check_header
 .text.android_image_get_end
                0x0000000017817808       0x4c common/built-in.o
                0x0000000017817808                android_image_get_end
 .text.android_image_get_kload
                0x0000000017817854       0x20 common/built-in.o
                0x0000000017817854                android_image_get_kload
 .text.android_image_get_ramdisk
                0x0000000017817874       0x7c common/built-in.o
                0x0000000017817874                android_image_get_ramdisk
 .text.android_print_contents
                0x00000000178178f0       0xdc common/built-in.o
                0x00000000178178f0                android_print_contents
 .text.fdt_error
                0x00000000178179cc       0x2c common/built-in.o
 .text.boot_fdt_add_mem_rsv_regions
                0x00000000178179f8       0x88 common/built-in.o
                0x00000000178179f8                boot_fdt_add_mem_rsv_regions
 .text.boot_relocate_fdt
                0x0000000017817a80      0x198 common/built-in.o
                0x0000000017817a80                boot_relocate_fdt
 .text.boot_get_fdt
                0x0000000017817c18      0x2ac common/built-in.o
                0x0000000017817c18                boot_get_fdt
 .text.ft_verify_fdt
                0x0000000017817ec4        0x8 common/built-in.o
                0x0000000017817ec4                ft_verify_fdt
 .text.image_setup_libfdt
                0x0000000017817ecc      0x110 common/built-in.o
                0x0000000017817ecc                image_setup_libfdt
 .text.get_effective_memsize
                0x0000000017817fdc        0x8 common/built-in.o
                0x0000000017817fdc                get_effective_memsize
 .text.nulldev_putc
                0x0000000017817fe4        0x4 common/built-in.o
 .text.nulldev_puts
                0x0000000017817fe8        0x4 common/built-in.o
 .text.nulldev_input
                0x0000000017817fec        0x8 common/built-in.o
 .text.stdio_serial_tstc
                0x0000000017817ff4        0x4 common/built-in.o
 .text.stdio_serial_getc
                0x0000000017817ff8        0x4 common/built-in.o
 .text.stdio_serial_puts
                0x0000000017817ffc        0x8 common/built-in.o
 .text.stdio_serial_putc
                0x0000000017818004        0x8 common/built-in.o
 .text.stdio_get_list
                0x000000001781800c        0xc common/built-in.o
                0x000000001781800c                stdio_get_list
 .text.stdio_get_by_name
                0x0000000017818018       0x5c common/built-in.o
                0x0000000017818018                stdio_get_by_name
 .text.stdio_clone
                0x0000000017818074       0x38 common/built-in.o
                0x0000000017818074                stdio_clone
 .text.stdio_register_dev
                0x00000000178180ac       0x50 common/built-in.o
                0x00000000178180ac                stdio_register_dev
 .text.stdio_register
                0x00000000178180fc        0x8 common/built-in.o
                0x00000000178180fc                stdio_register
 .text.stdio_init_tables
                0x0000000017818104       0x1c common/built-in.o
                0x0000000017818104                stdio_init_tables
 .text.stdio_add_devices
                0x0000000017818120       0xd4 common/built-in.o
                0x0000000017818120                stdio_add_devices
 .text.cli_simple_parse_line
                0x00000000178181f4       0x8c common/built-in.o
                0x00000000178181f4                cli_simple_parse_line
 .text.cli_simple_process_macros
                0x0000000017818280      0x218 common/built-in.o
                0x0000000017818280                cli_simple_process_macros
 .text.cli_simple_run_command
                0x0000000017818498      0x150 common/built-in.o
                0x0000000017818498                cli_simple_run_command
 .text.cli_simple_loop
                0x00000000178185e8       0x7c common/built-in.o
                0x00000000178185e8                cli_simple_loop
 .text.cli_simple_run_command_list
                0x0000000017818664       0x70 common/built-in.o
                0x0000000017818664                cli_simple_run_command_list
 .text.run_command
                0x00000000178186d4       0x18 common/built-in.o
                0x00000000178186d4                run_command
 .text.run_command_repeatable
                0x00000000178186ec        0x4 common/built-in.o
                0x00000000178186ec                run_command_repeatable
 .text.run_command_list
                0x00000000178186f0       0x98 common/built-in.o
                0x00000000178186f0                run_command_list
 .text.do_run   0x0000000017818788       0x78 common/built-in.o
                0x0000000017818788                do_run
 .text.cli_loop
                0x0000000017818800        0x4 common/built-in.o
                0x0000000017818800                cli_loop
 .text.cli_init
                0x0000000017818804        0x4 common/built-in.o
                0x0000000017818804                cli_init
 .text.delete_char.part.0
                0x0000000017818808       0xd0 common/built-in.o
 .text.cread_add_char
                0x00000000178188d8       0xe8 common/built-in.o
 .text.cli_readline_into_buffer
                0x00000000178189c0      0x9c0 common/built-in.o
                0x00000000178189c0                cli_readline_into_buffer
 .text.cli_readline
                0x0000000017819380       0x14 common/built-in.o
                0x0000000017819380                cli_readline
 .text.find_cmd_tbl
                0x0000000017819394       0xa4 common/built-in.o
                0x0000000017819394                find_cmd_tbl
 .text.find_cmd
                0x0000000017819438       0x28 common/built-in.o
                0x0000000017819438                find_cmd
 .text.cmd_usage
                0x0000000017819460       0x5c common/built-in.o
                0x0000000017819460                cmd_usage
 .text._do_help
                0x00000000178194bc      0x178 common/built-in.o
                0x00000000178194bc                _do_help
 .text.var_complete
                0x0000000017819634       0x84 common/built-in.o
                0x0000000017819634                var_complete
 .text.cmd_auto_complete
                0x00000000178196b8      0x4b4 common/built-in.o
                0x00000000178196b8                cmd_auto_complete
 .text.cmd_get_data_size
                0x0000000017819b6c       0x5c common/built-in.o
                0x0000000017819b6c                cmd_get_data_size
 .text.cmd_process
                0x0000000017819bc8       0xec common/built-in.o
                0x0000000017819bc8                cmd_process
 .text.cmd_process_error
                0x0000000017819cb4       0x30 common/built-in.o
                0x0000000017819cb4                cmd_process_error
 .text.hex1_bin
                0x0000000017819ce4       0x40 common/built-in.o
 .text.hex2_bin
                0x0000000017819d24       0x38 common/built-in.o
 .text.srec_decode
                0x0000000017819d5c      0x254 common/built-in.o
                0x0000000017819d5c                srec_decode
 .text.CYGACC_COMM_IF_GETC_TIMEOUT.isra.0
                0x0000000017819fb0       0x5c common/built-in.o
 .text.xyzModem_flush
                0x000000001781a00c       0x1c common/built-in.o
 .text.xyzModem_get_hdr
                0x000000001781a028      0x238 common/built-in.o
 .text.xyzModem_stream_open
                0x000000001781a260      0x224 common/built-in.o
                0x000000001781a260                xyzModem_stream_open
 .text.xyzModem_stream_read
                0x000000001781a484      0x254 common/built-in.o
                0x000000001781a484                xyzModem_stream_read
 .text.xyzModem_stream_close
                0x000000001781a6d8       0x54 common/built-in.o
                0x000000001781a6d8                xyzModem_stream_close
 .text.xyzModem_stream_terminate
                0x000000001781a72c       0x94 common/built-in.o
                0x000000001781a72c                xyzModem_stream_terminate
 .text.xyzModem_error
                0x000000001781a7c0       0x20 common/built-in.o
                0x000000001781a7c0                xyzModem_error
 .text.blk_get_dev
                0x000000001781a7e0       0x30 disk/built-in.o
                0x000000001781a7e0                blk_get_dev
 .text.dev_print
                0x000000001781a810      0x20c disk/built-in.o
                0x000000001781a810                dev_print
 .text.part_init
                0x000000001781aa1c       0x54 disk/built-in.o
                0x000000001781aa1c                part_init
 .text.part_print
                0x000000001781aa70      0x12c disk/built-in.o
                0x000000001781aa70                part_print
 .text.part_get_info
                0x000000001781ab9c       0x68 disk/built-in.o
                0x000000001781ab9c                part_get_info
 .text.blk_get_device_by_str
                0x000000001781ac04      0x150 disk/built-in.o
                0x000000001781ac04                blk_get_device_by_str
 .text.blk_get_device_part_str
                0x000000001781ad54      0x3f8 disk/built-in.o
                0x000000001781ad54                blk_get_device_part_str
 .text.test_block_type
                0x000000001781b14c       0x84 disk/built-in.o
 .text.print_partition_extended
                0x000000001781b1d0      0x274 disk/built-in.o
 .text.part_print_dos
                0x000000001781b444       0x34 disk/built-in.o
                0x000000001781b444                part_print_dos
 .text.part_test_dos
                0x000000001781b478       0x60 disk/built-in.o
 .text.part_get_info_extended.constprop.1
                0x000000001781b4d8      0x2fc disk/built-in.o
 .text.part_get_info_dos
                0x000000001781b7d4       0x20 disk/built-in.o
                0x000000001781b7d4                part_get_info_dos
 .text.device_bind_common
                0x000000001781b7f4      0x30c drivers/built-in.o
 .text.alloc_priv
                0x000000001781bb00       0x48 drivers/built-in.o
 .text.device_bind
                0x000000001781bb48       0x28 drivers/built-in.o
                0x000000001781bb48                device_bind
 .text.device_bind_by_name
                0x000000001781bb70       0x60 drivers/built-in.o
                0x000000001781bb70                device_bind_by_name
 .text.device_probe
                0x000000001781bbd0      0x234 drivers/built-in.o
                0x000000001781bbd0                device_probe
 .text.dev_get_platdata
                0x000000001781be04       0x34 drivers/built-in.o
                0x000000001781be04                dev_get_platdata
 .text.dev_get_priv
                0x000000001781be38       0x34 drivers/built-in.o
                0x000000001781be38                dev_get_priv
 .text.lists_driver_lookup_name
                0x000000001781be6c       0x4c drivers/built-in.o
                0x000000001781be6c                lists_driver_lookup_name
 .text.lists_uclass_lookup
                0x000000001781beb8       0x3c drivers/built-in.o
                0x000000001781beb8                lists_uclass_lookup
 .text.lists_bind_drivers
                0x000000001781bef4       0x88 drivers/built-in.o
                0x000000001781bef4                lists_bind_drivers
 .text.dm_root  0x000000001781bf7c       0x2c drivers/built-in.o
                0x000000001781bf7c                dm_root
 .text.dm_init  0x000000001781bfa8       0x58 drivers/built-in.o
                0x000000001781bfa8                dm_init
 .text.dm_scan_platdata
                0x000000001781c000       0x2c drivers/built-in.o
                0x000000001781c000                dm_scan_platdata
 .text.dm_scan_other
                0x000000001781c02c        0x8 drivers/built-in.o
                0x000000001781c02c                dm_scan_other
 .text.dm_init_and_scan
                0x000000001781c034       0x30 drivers/built-in.o
                0x000000001781c034                dm_init_and_scan
 .text.uclass_find
                0x000000001781c064       0x4c drivers/built-in.o
                0x000000001781c064                uclass_find
 .text.uclass_get
                0x000000001781c0b0      0x124 drivers/built-in.o
                0x000000001781c0b0                uclass_get
 .text.uclass_find_device
                0x000000001781c1d4       0x74 drivers/built-in.o
                0x000000001781c1d4                uclass_find_device
 .text.uclass_find_device_by_seq
                0x000000001781c248       0x7c drivers/built-in.o
                0x000000001781c248                uclass_find_device_by_seq
 .text.uclass_get_device_tail
                0x000000001781c2c4       0x2c drivers/built-in.o
                0x000000001781c2c4                uclass_get_device_tail
 .text.uclass_get_device
                0x000000001781c2f0       0x30 drivers/built-in.o
                0x000000001781c2f0                uclass_get_device
 .text.uclass_bind_device
                0x000000001781c320       0x7c drivers/built-in.o
                0x000000001781c320                uclass_bind_device
 .text.uclass_unbind_device
                0x000000001781c39c       0x4c drivers/built-in.o
                0x000000001781c39c                uclass_unbind_device
 .text.uclass_resolve_seq
                0x000000001781c3e8       0xb0 drivers/built-in.o
                0x000000001781c3e8                uclass_resolve_seq
 .text.uclass_pre_probe_device
                0x000000001781c498       0x64 drivers/built-in.o
                0x000000001781c498                uclass_pre_probe_device
 .text.uclass_post_probe_device
                0x000000001781c4fc       0x20 drivers/built-in.o
                0x000000001781c4fc                uclass_post_probe_device
 .text.uclass_pre_remove_device
                0x000000001781c51c       0x20 drivers/built-in.o
                0x000000001781c51c                uclass_pre_remove_device
 .text.dm_warn  0x000000001781c53c       0x28 drivers/built-in.o
                0x000000001781c53c                dm_warn
 .text.device_free
                0x000000001781c564       0x90 drivers/built-in.o
                0x000000001781c564                device_free
 .text.device_remove
                0x000000001781c5f4      0x138 drivers/built-in.o
                0x000000001781c5f4                device_remove
 .text.show_devices
                0x000000001781c72c       0xfc drivers/built-in.o
 .text.dm_dump_all
                0x000000001781c828       0x3c drivers/built-in.o
                0x000000001781c828                dm_dump_all
 .text.dm_dump_uclass
                0x000000001781c864       0xdc drivers/built-in.o
                0x000000001781c864                dm_dump_uclass
 .text.get_desc
                0x000000001781c940       0x6c drivers/built-in.o
 .text.blk_driver_lookup_type
                0x000000001781c9ac       0x3c drivers/built-in.o
                0x000000001781c9ac                blk_driver_lookup_type
 .text.blk_get_devnum_by_type
                0x000000001781c9e8       0x3c drivers/built-in.o
                0x000000001781c9e8                blk_get_devnum_by_type
 .text.blk_dselect_hwpart
                0x000000001781ca24       0x48 drivers/built-in.o
                0x000000001781ca24                blk_dselect_hwpart
 .text.blk_get_devnum_by_typename
                0x000000001781ca6c       0x70 drivers/built-in.o
                0x000000001781ca6c                blk_get_devnum_by_typename
 .text.blk_select_hwpart_devnum
                0x000000001781cadc       0x48 drivers/built-in.o
                0x000000001781cadc                blk_select_hwpart_devnum
 .text.finish_access
                0x000000001781cb24       0x2c drivers/built-in.o
 .text.set_timing
                0x000000001781cb50       0xb4 drivers/built-in.o
 .text.prepare_access
                0x000000001781cc04       0x88 drivers/built-in.o
 .text.fuse_bank_physical
                0x000000001781cc8c       0x64 drivers/built-in.o
                0x000000001781cc8c                fuse_bank_physical
 .text.fuse_read
                0x000000001781ccf0       0x74 drivers/built-in.o
                0x000000001781ccf0                fuse_read
 .text.fuse_sense
                0x000000001781cd64       0xac drivers/built-in.o
                0x000000001781cd64                fuse_sense
 .text.fuse_prog
                0x000000001781ce10       0xa8 drivers/built-in.o
                0x000000001781ce10                fuse_prog
 .text.fuse_override
                0x000000001781ceb8       0x6c drivers/built-in.o
                0x000000001781ceb8                fuse_override
 .text.dfu_write_buffer_drain
                0x000000001781cf24       0xa8 drivers/built-in.o
 .text.dfu_free_buf
                0x000000001781cfcc       0x20 drivers/built-in.o
                0x000000001781cfcc                dfu_free_buf
 .text.dfu_get_buf_size
                0x000000001781cfec       0x10 drivers/built-in.o
                0x000000001781cfec                dfu_get_buf_size
 .text.dfu_get_buf
                0x000000001781cffc       0xb8 drivers/built-in.o
                0x000000001781cffc                dfu_get_buf
 .text.dfu_write_transaction_cleanup
                0x000000001781d0b4       0x44 drivers/built-in.o
                0x000000001781d0b4                dfu_write_transaction_cleanup
 .text.dfu_flush
                0x000000001781d0f8       0x64 drivers/built-in.o
                0x000000001781d0f8                dfu_flush
 .text.dfu_write
                0x000000001781d15c      0x184 drivers/built-in.o
                0x000000001781d15c                dfu_write
 .text.dfu_read
                0x000000001781d2e0      0x26c drivers/built-in.o
                0x000000001781d2e0                dfu_read
 .text.dfu_free_entities
                0x000000001781d54c       0x9c drivers/built-in.o
                0x000000001781d54c                dfu_free_entities
 .text.dfu_config_entities
                0x000000001781d5e8      0x278 drivers/built-in.o
                0x000000001781d5e8                dfu_config_entities
 .text.dfu_init_env_entities
                0x000000001781d860       0x90 drivers/built-in.o
                0x000000001781d860                dfu_init_env_entities
 .text.dfu_get_dev_type
                0x000000001781d8f0       0x3c drivers/built-in.o
                0x000000001781d8f0                dfu_get_dev_type
 .text.dfu_get_layout
                0x000000001781d92c       0x3c drivers/built-in.o
                0x000000001781d92c                dfu_get_layout
 .text.dfu_show_entities
                0x000000001781d968       0x74 drivers/built-in.o
                0x000000001781d968                dfu_show_entities
 .text.dfu_get_alt_number
                0x000000001781d9dc       0x10 drivers/built-in.o
                0x000000001781d9dc                dfu_get_alt_number
 .text.dfu_get_entity
                0x000000001781d9ec       0x40 drivers/built-in.o
                0x000000001781d9ec                dfu_get_entity
 .text.mmc_block_op
                0x000000001781da2c      0x1ec drivers/built-in.o
 .text.mmc_file_op
                0x000000001781dc18      0x19c drivers/built-in.o
 .text.dfu_free_entity_mmc
                0x000000001781ddb4       0x28 drivers/built-in.o
                0x000000001781ddb4                dfu_free_entity_mmc
 .text.dfu_write_medium_mmc
                0x000000001781dddc       0xb8 drivers/built-in.o
                0x000000001781dddc                dfu_write_medium_mmc
 .text.dfu_flush_medium_mmc
                0x000000001781de94       0x48 drivers/built-in.o
                0x000000001781de94                dfu_flush_medium_mmc
 .text.dfu_get_medium_size_mmc
                0x000000001781dedc       0x90 drivers/built-in.o
                0x000000001781dedc                dfu_get_medium_size_mmc
 .text.dfu_read_medium_mmc
                0x000000001781df6c       0xe4 drivers/built-in.o
                0x000000001781df6c                dfu_read_medium_mmc
 .text.dfu_fill_entity_mmc
                0x000000001781e050      0x320 drivers/built-in.o
                0x000000001781e050                dfu_fill_entity_mmc
 .text.dfu_get_medium_size_sf
                0x000000001781e370        0x8 drivers/built-in.o
 .text.dfu_read_medium_sf
                0x000000001781e378       0x28 drivers/built-in.o
 .text.dfu_flush_medium_sf
                0x000000001781e3a0        0x8 drivers/built-in.o
 .text.dfu_polltimeout_sf
                0x000000001781e3a8        0x8 drivers/built-in.o
 .text.dfu_free_entity_sf
                0x000000001781e3b0        0x8 drivers/built-in.o
 .text.dfu_write_medium_sf
                0x000000001781e3b8       0x98 drivers/built-in.o
 .text.dfu_fill_entity_sf
                0x000000001781e450      0x2f8 drivers/built-in.o
                0x000000001781e450                dfu_fill_entity_sf
 .text.video_drawchars
                0x000000001781e748      0x44c drivers/built-in.o
 .text.draw_bitmap
                0x000000001781eb94       0xdc drivers/built-in.o
 .text.console_newline.constprop.2
                0x000000001781ec70       0xe0 drivers/built-in.o
 .text.video_putc
                0x000000001781ed50      0x194 drivers/built-in.o
 .text.video_puts
                0x000000001781eee4       0x7c drivers/built-in.o
 .text.board_cfb_skip
                0x000000001781ef60        0x8 drivers/built-in.o
                0x000000001781ef60                board_cfb_skip
 .text.video_set_lut
                0x000000001781ef68        0x4 drivers/built-in.o
                0x000000001781ef68                video_set_lut
 .text.display_rle8_bitmap
                0x000000001781ef6c      0x374 drivers/built-in.o
 .text.plot_logo_or_black
                0x000000001781f2e0      0x280 drivers/built-in.o
 .text.do_clrlogo
                0x000000001781f560       0x44 drivers/built-in.o
 .text.video_display_bitmap
                0x000000001781f5a4      0x934 drivers/built-in.o
                0x000000001781f5a4                video_display_bitmap
 .text.video_clear
                0x000000001781fed8       0x54 drivers/built-in.o
                0x000000001781fed8                video_clear
 .text.drv_video_init
                0x000000001781ff2c      0x3e8 drivers/built-in.o
                0x000000001781ff2c                drv_video_init
 .text.mxcfb_map_video_memory
                0x0000000017820314       0x88 drivers/built-in.o
 .text.ipuv3_fb_shutdown
                0x000000001782039c       0x60 drivers/built-in.o